2025-02-18 13:47:31,716 - src.logger - ERROR - 文件上传失败: [Errno 2] No such file or directory: 'f:animative-viz\\backend\\data\\2023_season.csv'
2025-02-18 14:49:11,699 - src.logger - ERROR - 文件上传失败: [Errno 2] No such file or directory: 'f:animative-viz\\backend\\data\\2023_season.csv'
2025-02-18 14:50:26,405 - src.logger - ERROR - 文件上传失败: [Errno 2] No such file or directory: 'f:animative-viz\\backend\\data\\2023_season.csv'
2025-02-18 14:57:53,846 - src.logger - ERROR - 文件上传失败: [Errno 2] No such file or directory: 'f:animative-viz\\backend\\data\\2023_season.csv'
2025-02-18 14:59:25,339 - src.logger - INFO - 成功上传文件: 2023_season.csv
2025-02-18 14:59:25,350 - src.logger - INFO - 获取前10名角色
2025-02-18 15:03:24,631 - src.logger - INFO - 成功上传文件: 2023_season.csv
2025-02-18 15:03:24,635 - src.logger - INFO - 获取前10名角色
2025-02-18 15:04:36,427 - src.logger - INFO - 成功上传文件: 2023_season.csv
2025-02-18 15:04:36,442 - src.logger - INFO - 获取前10名角色
2025-02-18 15:04:36,459 - src.logger - INFO - 获取投票轮次
2025-02-18 15:05:29,211 - src.logger - INFO - 获取累计得票数据，排除列：['淘汰赛第二轮']
2025-02-18 15:07:07,964 - src.logger - INFO - 成功上传文件: 2023_season.csv
2025-02-18 15:07:07,967 - src.logger - INFO - 获取前10名角色
2025-02-18 15:07:07,976 - src.logger - INFO - 获取投票轮次
2025-02-18 15:12:40,224 - src.logger - INFO - 成功上传文件: 2023_season.csv
2025-02-18 15:12:40,231 - src.logger - INFO - 获取前10名角色
2025-02-18 15:12:40,242 - src.logger - INFO - 获取投票轮次
2025-02-18 15:17:38,731 - src.logger - INFO - 成功上传文件: 2023_season.csv
2025-02-18 15:17:38,737 - src.logger - INFO - 获取前10名角色
2025-02-18 15:17:38,746 - src.logger - INFO - 获取投票轮次
2025-02-18 15:23:14,494 - src.logger - INFO - 成功上传文件: 2023_season.csv
2025-02-18 15:23:14,497 - src.logger - INFO - 获取前10名角色
2025-02-18 15:23:14,510 - src.logger - INFO - 获取投票轮次
2025-02-18 15:31:56,053 - src.logger - INFO - 获取累计得票数据，排除列：[]
2025-02-18 15:33:03,855 - src.logger - INFO - 成功上传文件: 2023_season.csv
2025-02-18 15:33:03,857 - src.logger - INFO - 获取前10名角色
2025-02-18 15:33:03,862 - src.logger - INFO - 获取投票轮次
2025-02-18 15:34:43,232 - src.logger - INFO - 成功上传文件: 2023_season.csv
2025-02-18 15:34:43,237 - src.logger - INFO - 获取前10名角色
2025-02-18 15:34:43,242 - src.logger - INFO - 获取投票轮次
2025-02-18 15:34:50,954 - src.logger - INFO - 成功上传文件: 2023_season.csv
2025-02-18 15:34:50,959 - src.logger - INFO - 获取前10名角色
2025-02-18 15:34:50,963 - src.logger - INFO - 获取投票轮次
2025-02-18 15:34:53,138 - src.logger - INFO - 获取累计得票数据，排除列：[]
2025-02-18 15:39:02,343 - src.logger - INFO - 成功上传文件: 2023_season.csv
2025-02-18 15:39:02,349 - src.logger - INFO - 获取前10名角色
2025-02-18 15:39:02,353 - src.logger - INFO - 获取投票轮次
2025-02-18 15:47:49,670 - src.logger - INFO - 成功上传文件: 2023_season.csv
2025-02-18 15:47:49,674 - src.logger - INFO - 获取前10名角色
2025-02-18 15:47:49,679 - src.logger - INFO - 获取投票轮次
2025-02-18 15:47:59,200 - src.logger - INFO - 获取累计得票数据，排除列：[]
2025-02-18 15:51:39,037 - src.logger - INFO - 成功上传文件: 2023_season.csv
2025-02-18 15:51:39,044 - src.logger - INFO - 获取投票轮次列名
2025-02-18 15:54:06,183 - src.logger - INFO - 成功上传文件: 2023_season.csv
2025-02-18 15:54:06,190 - src.logger - INFO - 获取投票轮次列名
2025-02-18 15:55:33,071 - src.logger - INFO - 成功上传文件: 2023_season.csv
2025-02-18 15:55:33,075 - src.logger - INFO - 获取投票轮次列名
2025-02-18 15:55:36,714 - src.logger - INFO - 成功上传文件: 2023_season.csv
2025-02-18 15:55:36,717 - src.logger - INFO - 获取投票轮次列名
2025-02-18 15:55:39,736 - src.logger - INFO - 成功上传文件: 2023_season.csv
2025-02-18 15:55:39,742 - src.logger - INFO - 获取投票轮次列名
2025-02-18 15:56:51,423 - src.logger - INFO - 成功上传文件: 2023_season.csv
2025-02-18 15:56:51,432 - src.logger - INFO - 获取投票轮次列名
2025-02-18 16:13:15,580 - src.logger - INFO - 成功上传文件: 2023_season.csv
2025-02-18 16:13:15,584 - src.logger - INFO - 获取投票轮次列名
2025-02-18 16:19:28,298 - src.logger - INFO - 成功上传文件: 2023_season.csv
2025-02-18 16:19:28,303 - src.logger - INFO - 获取投票轮次列名
2025-02-18 16:27:30,933 - src.logger - INFO - 成功上传文件: 2023_season.csv
2025-02-18 16:27:30,941 - src.logger - INFO - 获取投票轮次列名
2025-02-18 16:29:17,933 - src.logger - INFO - 成功上传文件: 2023_season.csv
2025-02-18 16:29:17,937 - src.logger - INFO - 获取投票轮次列名
2025-02-18 16:30:08,554 - src.logger - INFO - 成功上传文件: 2023_season.csv
2025-02-18 16:30:08,563 - src.logger - INFO - 获取投票轮次列名
2025-02-18 16:30:14,816 - src.logger - INFO - 成功上传文件: 2023_season.csv
2025-02-18 16:30:14,820 - src.logger - INFO - 获取投票轮次列名
2025-02-18 16:31:03,531 - src.logger - INFO - 成功上传文件: 2023_season.csv
2025-02-18 16:31:03,543 - src.logger - INFO - 获取投票轮次列名
2025-02-18 16:31:11,369 - src.logger - INFO - 成功上传文件: 2023_season.csv
2025-02-18 16:31:11,374 - src.logger - INFO - 获取投票轮次列名
2025-02-18 16:41:33,632 - src.logger - INFO - 成功上传文件: 2023_season.csv
2025-02-18 16:41:33,639 - src.logger - INFO - 获取投票轮次列名
2025-02-18 16:44:31,086 - src.logger - INFO - 成功上传文件: 2023_season.csv
2025-02-18 16:44:31,091 - src.logger - INFO - 获取投票轮次列名
2025-02-18 17:06:32,446 - src.logger - INFO - 成功上传文件: 2023_season.csv
2025-02-18 17:06:32,451 - src.logger - INFO - 获取投票轮次列名
2025-02-18 17:18:26,189 - src.logger - INFO - 成功上传文件: 2023_season.csv
2025-02-18 17:18:26,193 - src.logger - INFO - 获取投票轮次列名
2025-02-18 17:23:06,371 - src.logger - INFO - 成功上传文件: 2023_season.csv
2025-02-18 17:23:06,375 - src.logger - INFO - 获取投票轮次列名
2025-02-18 17:23:14,633 - src.logger - INFO - 成功上传文件: 2023_season.csv
2025-02-18 17:23:14,648 - src.logger - INFO - 获取投票轮次列名
2025-02-18 17:23:23,410 - src.logger - INFO - 成功上传文件: 2023_season.csv
2025-02-18 17:23:23,414 - src.logger - INFO - 获取投票轮次列名
2025-02-18 17:25:38,146 - src.logger - INFO - 成功上传文件: 2023_season.csv
2025-02-18 17:25:38,149 - src.logger - INFO - 获取投票轮次列名
2025-02-18 17:25:46,209 - src.logger - INFO - 成功上传文件: 2023_season.csv
2025-02-18 17:25:46,215 - src.logger - INFO - 获取投票轮次列名
2025-02-18 17:25:49,206 - src.logger - INFO - 获取累计得票数据，排除列：[]
2025-02-18 17:28:31,083 - src.logger - INFO - 成功上传文件: 2023_season.csv
2025-02-18 17:28:31,091 - src.logger - INFO - 获取投票轮次列名
2025-02-18 17:28:33,745 - src.logger - INFO - 获取累计得票数据，排除列：['预选赛第一轮', '预选赛第二轮', '第一阶段第一轮', '第一阶段第二轮', '第一阶段第三轮', '第一阶段第四轮', '第二阶段第一轮', '第二阶段第二轮', '第二阶段第三轮', '第二阶段第四轮', '第三阶段第一轮', '第三阶段第二轮', '第三阶段第三轮', '第三阶段第四轮', '淘汰赛第一轮', '淘汰赛第二轮', '淘汰赛第三轮', '淘汰赛第四轮']
2025-02-18 17:32:19,058 - src.logger - INFO - 成功上传文件: 2023_season.csv
2025-02-18 17:32:19,062 - src.logger - INFO - 获取投票轮次列名
2025-02-18 17:32:21,400 - src.logger - INFO - 获取累计得票数据，排除列：['预选赛第一轮', '预选赛第二轮', '第一阶段第一轮', '第一阶段第二轮', '第一阶段第三轮', '第一阶段第四轮', '第二阶段第一轮', '第二阶段第二轮', '第二阶段第三轮', '第二阶段第四轮', '第三阶段第一轮', '第三阶段第二轮', '第三阶段第三轮', '第三阶段第四轮', '淘汰赛第一轮', '淘汰赛第二轮', '淘汰赛第三轮', '淘汰赛第四轮']
2025-02-18 17:36:41,931 - src.logger - INFO - 成功上传文件: 2023_season.csv
2025-02-18 17:36:41,935 - src.logger - INFO - 获取投票轮次列名
2025-02-18 17:36:43,146 - src.logger - INFO - 获取累计得票数据，排除列：['预选赛第一轮', '预选赛第二轮', '第一阶段第一轮', '第一阶段第二轮', '第一阶段第三轮', '第一阶段第四轮', '第二阶段第一轮', '第二阶段第二轮', '第二阶段第三轮', '第二阶段第四轮', '第三阶段第一轮', '第三阶段第二轮', '第三阶段第三轮', '第三阶段第四轮', '淘汰赛第一轮', '淘汰赛第二轮', '淘汰赛第三轮', '淘汰赛第四轮']
2025-02-18 17:38:52,359 - src.logger - INFO - 成功上传文件: 2023_season.csv
2025-02-18 17:38:52,367 - src.logger - INFO - 获取投票轮次列名
2025-02-18 17:45:24,934 - src.logger - INFO - 接收到文件上传请求：文件名 2023_season.csv, 内容类型 text/csv
2025-02-18 17:45:24,936 - src.logger - INFO - 临时文件已保存：C:\Users\Administrator\AppData\Local\Temp\tmpdnu1fsy4.csv
2025-02-18 17:45:24,938 - src.logger - INFO - 临时文件已删除
2025-02-18 17:45:24,947 - src.logger - INFO - 获取投票轮次列名
2025-02-18 17:45:28,860 - src.logger - ERROR - 尝试获取累计投票数据时，vote_tracker未初始化
2025-02-18 17:45:28,860 - src.logger - ERROR - 获取累计投票数据时发生错误：400: 请先上传数据文件
2025-02-18 17:48:34,169 - src.logger - INFO - 接收到文件上传请求：文件名 2023_season.csv, 内容类型 text/csv
2025-02-18 17:48:34,172 - src.logger - INFO - 临时文件已保存：C:\Users\Administrator\AppData\Local\Temp\tmp9c_kyhlq.csv
2025-02-18 17:48:34,174 - src.logger - INFO - 临时文件已删除
2025-02-18 17:48:34,178 - src.logger - INFO - 获取投票轮次列名
2025-02-18 17:48:35,305 - src.logger - ERROR - 尝试获取累计投票数据时，vote_tracker未初始化
2025-02-18 17:48:35,305 - src.logger - ERROR - 获取累计投票数据时发生错误：400: 请先上传数据文件
Traceback (most recent call last):
  File "f:\animative-viz\backend\src\main.py", line 94, in get_cumulative_votes
    raise HTTPException(status_code=400, detail="请先上传数据文件")
fastapi.exceptions.HTTPException: 400: 请先上传数据文件
2025-02-18 17:51:35,322 - src.logger - INFO - 临时文件已保存：C:\Users\Administrator\AppData\Local\Temp\tmpw7xo31ep.csv
2025-02-18 17:51:35,325 - src.logger - INFO - 临时文件已删除
2025-02-18 17:51:35,336 - src.logger - INFO - 获取投票轮次列名
2025-02-18 17:51:36,395 - src.logger - INFO - 获取累计得票数据，排除列：['预选赛第一轮', '预选赛第二轮', '第一阶段第一轮', '第一阶段第二轮', '第一阶段第三轮', '第一阶段第四轮', '第二阶段第一轮', '第二阶段第二轮', '第二阶段第三轮', '第二阶段第四轮', '第三阶段第一轮', '第三阶段第二轮', '第三阶段第三轮', '第三阶段第四轮', '淘汰赛第一轮', '淘汰赛第二轮', '淘汰赛第三轮', '淘汰赛第四轮']
2025-02-18 17:51:36,402 - src.logger - INFO - 累计投票数据统计：总角色数 72
2025-02-18 17:53:34,552 - src.logger - INFO - 临时文件已保存：C:\Users\Administrator\AppData\Local\Temp\tmpp0wmi0rk.csv
2025-02-18 17:53:34,556 - src.logger - INFO - 临时文件已删除
2025-02-18 17:53:34,561 - src.logger - INFO - 获取投票轮次列名
2025-02-18 17:53:36,770 - src.logger - ERROR - 尝试获取累计投票数据时，vote_tracker未初始化
2025-02-18 17:53:36,770 - src.logger - ERROR - 获取累计投票数据时发生错误：400: 请先上传数据文件
Traceback (most recent call last):
  File "f:\animative-viz\backend\src\main.py", line 87, in get_cumulative_votes
    raise HTTPException(status_code=400, detail="请先上传数据文件")
fastapi.exceptions.HTTPException: 400: 请先上传数据文件
2025-02-18 17:55:17,327 - src.logger - INFO - 临时文件已保存：C:\Users\Administrator\AppData\Local\Temp\tmp8_460duj.csv
2025-02-18 17:55:17,330 - src.logger - INFO - 临时文件已删除
2025-02-18 17:55:17,336 - src.logger - INFO - 获取投票轮次列名
2025-02-18 17:55:18,322 - src.logger - INFO - 获取累计得票数据，排除列：['预选赛第一轮', '预选赛第二轮', '第一阶段第一轮', '第一阶段第二轮', '第一阶段第三轮', '第一阶段第四轮', '第二阶段第一轮', '第二阶段第二轮', '第二阶段第三轮', '第二阶段第四轮', '第三阶段第一轮', '第三阶段第二轮', '第三阶段第三轮', '第三阶段第四轮', '淘汰赛第一轮', '淘汰赛第二轮', '淘汰赛第三轮', '淘汰赛第四轮']
2025-02-18 17:55:18,322 - src.logger - ERROR - 计算累积投票时发生错误：没有有效的投票轮次。排除的列：['预选赛第一轮', '预选赛第二轮', '第一阶段第一轮', '第一阶段第二轮', '第一阶段第三轮', '第一阶段第四轮', '第二阶段第一轮', '第二阶段第二轮', '第二阶段第三轮', '第二阶段第四轮', '第三阶段第一轮', '第三阶段第二轮', '第三阶段第三轮', '第三阶段第四轮', '淘汰赛第一轮', '淘汰赛第二轮', '淘汰赛第三轮', '淘汰赛第四轮']，总投票轮次：['淘汰赛第一轮', '淘汰赛第三轮', '淘汰赛第二轮', '淘汰赛第四轮', '第一阶段第一轮', '第一阶段第三轮', '第一阶段第二轮', '第一阶段第四轮', '第三阶段第一轮', '第三阶段第三轮', '第三阶段第二轮', '第三阶段第四轮', '第二阶段第一轮', '第二阶段第三轮', '第二阶段第二轮', '第二阶段第四轮', '预选赛第一轮', '预选赛第二轮']
2025-02-18 17:55:18,322 - src.logger - ERROR - 获取累计投票数据时发生错误：400: 没有有效的投票轮次。排除的列：['预选赛第一轮', '预选赛第二轮', '第一阶段第一轮', '第一阶段第二轮', '第一阶段第三轮', '第一阶段第四轮', '第二阶段第一轮', '第二阶段第二轮', '第二阶段第三轮', '第二阶段第四轮', '第三阶段第一轮', '第三阶段第二轮', '第三阶段第三轮', '第三阶段第四轮', '淘汰赛第一轮', '淘汰赛第二轮', '淘汰赛第三轮', '淘汰赛第四轮']，总投票轮次：['淘汰赛第一轮', '淘汰赛第三轮', '淘汰赛第二轮', '淘汰赛第四轮', '第一阶段第一轮', '第一阶段第三轮', '第一阶段第二轮', '第一阶段第四轮', '第三阶段第一轮', '第三阶段第三轮', '第三阶段第二轮', '第三阶段第四轮', '第二阶段第一轮', '第二阶段第三轮', '第二阶段第二轮', '第二阶段第四轮', '预选赛第一轮', '预选赛第二轮']
Traceback (most recent call last):
  File "f:\animative-viz\backend\src\main.py", line 109, in get_cumulative_votes
    cumulative_votes = global_state.vote_tracker.calculate_cumulative_votes(excluded_columns)
                       ^^^^^^^^^^^^^^^^^^^^^^^^^^^^^^^^^^^^^^^^^^^^^^^^^^^^^^^^^^^^^^^^^^^^^^
  File "f:\animative-viz\backend\src\vote_tracker.py", line 35, in calculate_cumulative_votes
    raise ValueError(f"没有有效的投票轮次。排除的列：{excluded_columns}，总投票轮次：{self.vote_columns}")
ValueError: 没有有效的投票轮次。排除的列：['预选赛第一轮', '预选赛第二轮', '第一阶段第一轮', '第一阶段第二轮', '第一阶段第三轮', '第一阶段第四轮', '第二阶段第一轮', '第二阶段第二轮', '第二阶段第三轮', '第二阶段第四轮', '第三阶段第一轮', '第三阶段第二轮', '第三阶段第三轮', '第三阶段第四轮', '淘汰赛第一轮', '淘汰赛第二轮', '淘汰赛第三轮', '淘汰赛第四轮']，总投票轮次：['淘汰赛第一轮', '淘汰赛第三轮', '淘汰赛第二轮', '淘汰赛第四轮', '第一阶段第一轮', '第一阶段第三轮', '第一阶段第二轮', '第一阶段第四轮', '第三阶段第一轮', '第三阶段第三轮', '第三阶段第二轮', '第三阶段第四轮', '第二阶段第一轮', '第二阶段第三轮', '第二阶段第二轮', '第二阶段第四轮', '预选赛第一轮', '预选赛第二轮']

During handling of the above exception, another exception occurred:

Traceback (most recent call last):
  File "f:\animative-viz\backend\src\main.py", line 112, in get_cumulative_votes
    raise HTTPException(status_code=400, detail=str(ve))
fastapi.exceptions.HTTPException: 400: 没有有效的投票轮次。排除的列：['预选赛第一轮', '预选赛第二轮', '第一阶段第一轮', '第一阶段第二轮', '第一阶段第三轮', '第一阶段第四轮', '第二阶段第一轮', '第二阶段第二轮', '第二阶段第三轮', '第二阶段第四轮', '第三阶段第一轮', '第三阶段第二轮', '第三阶段第三轮', '第三阶段第四轮', '淘汰赛第一轮', '淘汰赛第二轮', '淘汰赛第三轮', '淘汰赛第四轮']，总投票轮次：['淘汰赛第一轮', '淘汰赛第三轮', '淘汰赛第二轮', '淘汰赛第四轮', '第一阶段第一轮', '第一阶段第三轮', '第一阶段第二轮', '第一阶段第四轮', '第三阶段第一轮', '第三阶段第三轮', '第三阶段第二轮', '第三阶段第四轮', '第二阶段第一轮', '第二阶段第三轮', '第二阶段第二轮', '第二阶段第四轮', '预选赛第一轮', '预选赛第二轮']
2025-02-18 17:56:52,766 - src.logger - INFO - 临时文件已保存：C:\Users\Administrator\AppData\Local\Temp\tmpajyyrt9b.csv
2025-02-18 17:56:52,769 - src.logger - INFO - 临时文件已删除
2025-02-18 17:56:52,775 - src.logger - INFO - 获取投票轮次列名
2025-02-18 17:56:54,175 - src.logger - ERROR - 尝试获取累计投票数据时，vote_tracker未初始化
2025-02-18 17:56:54,176 - src.logger - ERROR - 获取累计投票数据时发生错误：400: 请先上传数据文件
Traceback (most recent call last):
  File "f:\animative-viz\backend\src\main.py", line 87, in get_cumulative_votes
    raise HTTPException(status_code=400, detail="请先上传数据文件")
fastapi.exceptions.HTTPException: 400: 请先上传数据文件
2025-02-18 18:00:26,012 - src.logger - INFO - 状态已清除
2025-02-18 18:00:26,014 - src.logger - INFO - 临时文件已保存：C:\Users\Administrator\AppData\Local\Temp\tmp3l6a8ix_.csv
2025-02-18 18:00:26,019 - src.logger - INFO - 状态已保存到 C:\Users\Administrator\AppData\Local\Temp\animative_viz_state.pkl
2025-02-18 18:00:26,021 - src.logger - INFO - 临时文件已删除
2025-02-18 18:00:26,036 - src.logger - INFO - 获取投票轮次列名
2025-02-18 18:00:30,608 - src.logger - INFO - 获取累计得票数据，排除列：['预选赛第一轮', '预选赛第二轮', '第一阶段第一轮', '第一阶段第二轮', '第一阶段第三轮', '第一阶段第四轮', '第二阶段第一轮', '第二阶段第二轮', '第二阶段第三轮', '第二阶段第四轮', '第三阶段第一轮', '第三阶段第二轮', '第三阶段第三轮', '第三阶段第四轮', '淘汰赛第一轮', '淘汰赛第二轮', '淘汰赛第三轮', '淘汰赛第四轮']
2025-02-18 18:00:30,608 - src.logger - ERROR - 计算累积投票时发生错误：
没有有效的投票轮次。
排除的列：['预选赛第一轮', '预选赛第二轮', '第一阶段第一轮', '第一阶段第二轮', '第一阶段第三轮', '第一阶段第四轮', '第二阶段第一轮', '第二阶段第二轮', '第二阶段第三轮', '第二阶段第四轮', '第三阶段第一轮', '第三阶段第二轮', '第三阶段第三轮', '第三阶段第四轮', '淘汰赛第一轮', '淘汰赛第二轮', '淘汰赛第三轮', '淘汰赛第四轮']
总投票轮次：['淘汰赛第一轮', '淘汰赛第三轮', '淘汰赛第二轮', '淘汰赛第四轮', '第一阶段第一轮', '第一阶段第三轮', '第一阶段第二轮', '第一阶段第四轮', '第三阶段第一轮', '第三阶段第三轮', '第三阶段第二轮', '第三阶段第四轮', '第二阶段第一轮', '第二阶段第三轮', '第二阶段第二轮', '第二阶段第四轮', '预选赛第一轮', '预选赛第二轮']
清理后的投票轮次：['淘汰赛第一轮', '淘汰赛第三轮', '淘汰赛第二轮', '淘汰赛第四轮', '第一阶段第一轮', '第一阶段第三轮', '第一阶段第二轮', '第一阶段第四轮', '第三阶段第一轮', '第三阶段第三轮', '第三阶段第二轮', '第三阶段第四轮', '第二阶段第一轮', '第二阶段第三轮', '第二阶段第二轮', '第二阶段第四轮', '预选赛第一轮', '预选赛第二轮']

2025-02-18 18:00:30,608 - src.logger - ERROR - 获取累计投票数据时发生错误：400: 
没有有效的投票轮次。
排除的列：['预选赛第一轮', '预选赛第二轮', '第一阶段第一轮', '第一阶段第二轮', '第一阶段第三轮', '第一阶段第四轮', '第二阶段第一轮', '第二阶段第二轮', '第二阶段第三轮', '第二阶段第四轮', '第三阶段第一轮', '第三阶段第二轮', '第三阶段第三轮', '第三阶段第四轮', '淘汰赛第一轮', '淘汰赛第二轮', '淘汰赛第三轮', '淘汰赛第四轮']
总投票轮次：['淘汰赛第一轮', '淘汰赛第三轮', '淘汰赛第二轮', '淘汰赛第四轮', '第一阶段第一轮', '第一阶段第三轮', '第一阶段第二轮', '第一阶段第四轮', '第三阶段第一轮', '第三阶段第三轮', '第三阶段第二轮', '第三阶段第四轮', '第二阶段第一轮', '第二阶段第三轮', '第二阶段第二轮', '第二阶段第四轮', '预选赛第一轮', '预选赛第二轮']
清理后的投票轮次：['淘汰赛第一轮', '淘汰赛第三轮', '淘汰赛第二轮', '淘汰赛第四轮', '第一阶段第一轮', '第一阶段第三轮', '第一阶段第二轮', '第一阶段第四轮', '第三阶段第一轮', '第三阶段第三轮', '第三阶段第二轮', '第三阶段第四轮', '第二阶段第一轮', '第二阶段第三轮', '第二阶段第二轮', '第二阶段第四轮', '预选赛第一轮', '预选赛第二轮']
Traceback (most recent call last):
  File "f:\animative-viz\backend\src\main.py", line 173, in get_cumulative_votes
    cumulative_votes = global_state.vote_tracker.calculate_cumulative_votes(excluded_columns)
                       ^^^^^^^^^^^^^^^^^^^^^^^^^^^^^^^^^^^^^^^^^^^^^^^^^^^^^^^^^^^^^^^^^^^^^^
  File "f:\animative-viz\backend\src\vote_tracker.py", line 36, in calculate_cumulative_votes
    raise ValueError(f"""
ValueError: 
没有有效的投票轮次。
排除的列：['预选赛第一轮', '预选赛第二轮', '第一阶段第一轮', '第一阶段第二轮', '第一阶段第三轮', '第一阶段第四轮', '第二阶段第一轮', '第二阶段第二轮', '第二阶段第三轮', '第二阶段第四轮', '第三阶段第一轮', '第三阶段第二轮', '第三阶段第三轮', '第三阶段第四轮', '淘汰赛第一轮', '淘汰赛第二轮', '淘汰赛第三轮', '淘汰赛第四轮']
总投票轮次：['淘汰赛第一轮', '淘汰赛第三轮', '淘汰赛第二轮', '淘汰赛第四轮', '第一阶段第一轮', '第一阶段第三轮', '第一阶段第二轮', '第一阶段第四轮', '第三阶段第一轮', '第三阶段第三轮', '第三阶段第二轮', '第三阶段第四轮', '第二阶段第一轮', '第二阶段第三轮', '第二阶段第二轮', '第二阶段第四轮', '预选赛第一轮', '预选赛第二轮']
清理后的投票轮次：['淘汰赛第一轮', '淘汰赛第三轮', '淘汰赛第二轮', '淘汰赛第四轮', '第一阶段第一轮', '第一阶段第三轮', '第一阶段第二轮', '第一阶段第四轮', '第三阶段第一轮', '第三阶段第三轮', '第三阶段第二轮', '第三阶段第四轮', '第二阶段第一轮', '第二阶段第三轮', '第二阶段第二轮', '第二阶段第四轮', '预选赛第一轮', '预选赛第二轮']


During handling of the above exception, another exception occurred:

Traceback (most recent call last):
  File "f:\animative-viz\backend\src\main.py", line 176, in get_cumulative_votes
    raise HTTPException(status_code=400, detail=str(ve))
fastapi.exceptions.HTTPException: 400: 
没有有效的投票轮次。
排除的列：['预选赛第一轮', '预选赛第二轮', '第一阶段第一轮', '第一阶段第二轮', '第一阶段第三轮', '第一阶段第四轮', '第二阶段第一轮', '第二阶段第二轮', '第二阶段第三轮', '第二阶段第四轮', '第三阶段第一轮', '第三阶段第二轮', '第三阶段第三轮', '第三阶段第四轮', '淘汰赛第一轮', '淘汰赛第二轮', '淘汰赛第三轮', '淘汰赛第四轮']
总投票轮次：['淘汰赛第一轮', '淘汰赛第三轮', '淘汰赛第二轮', '淘汰赛第四轮', '第一阶段第一轮', '第一阶段第三轮', '第一阶段第二轮', '第一阶段第四轮', '第三阶段第一轮', '第三阶段第三轮', '第三阶段第二轮', '第三阶段第四轮', '第二阶段第一轮', '第二阶段第三轮', '第二阶段第二轮', '第二阶段第四轮', '预选赛第一轮', '预选赛第二轮']
清理后的投票轮次：['淘汰赛第一轮', '淘汰赛第三轮', '淘汰赛第二轮', '淘汰赛第四轮', '第一阶段第一轮', '第一阶段第三轮', '第一阶段第二轮', '第一阶段第四轮', '第三阶段第一轮', '第三阶段第三轮', '第三阶段第二轮', '第三阶段第四轮', '第二阶段第一轮', '第二阶段第三轮', '第二阶段第二轮', '第二阶段第四轮', '预选赛第一轮', '预选赛第二轮']

2025-02-18 18:02:28,721 - src.logger - INFO - 状态已清除
2025-02-18 18:02:28,723 - src.logger - INFO - 临时文件已保存：C:\Users\Administrator\AppData\Local\Temp\tmpctznqxd2.csv
2025-02-18 18:02:28,725 - src.logger - INFO - 状态已保存到 C:\Users\Administrator\AppData\Local\Temp\animative_viz_state.pkl
2025-02-18 18:02:28,726 - src.logger - INFO - 临时文件已删除
2025-02-18 18:02:28,730 - src.logger - INFO - 获取投票轮次列名
2025-02-18 18:02:29,824 - src.logger - INFO - 成功加载持久化状态
2025-02-18 18:02:30,133 - src.logger - INFO - 获取累计得票数据，排除列：['预选赛第一轮', '预选赛第二轮', '第一阶段第一轮', '第一阶段第二轮', '第一阶段第三轮', '第一阶段第四轮', '第二阶段第一轮', '第二阶段第二轮', '第二阶段第三轮', '第二阶段第四轮', '第三阶段第一轮', '第三阶段第二轮', '第三阶段第三轮', '第三阶段第四轮', '淘汰赛第一轮', '淘汰赛第二轮', '淘汰赛第三轮', '淘汰赛第四轮']
2025-02-18 18:02:30,133 - src.logger - ERROR - 计算累积投票时发生错误：
没有有效的投票轮次。
排除的列：['预选赛第一轮', '预选赛第二轮', '第一阶段第一轮', '第一阶段第二轮', '第一阶段第三轮', '第一阶段第四轮', '第二阶段第一轮', '第二阶段第二轮', '第二阶段第三轮', '第二阶段第四轮', '第三阶段第一轮', '第三阶段第二轮', '第三阶段第三轮', '第三阶段第四轮', '淘汰赛第一轮', '淘汰赛第二轮', '淘汰赛第三轮', '淘汰赛第四轮']
总投票轮次：['淘汰赛第一轮', '淘汰赛第三轮', '淘汰赛第二轮', '淘汰赛第四轮', '第一阶段第一轮', '第一阶段第三轮', '第一阶段第二轮', '第一阶段第四轮', '第三阶段第一轮', '第三阶段第三轮', '第三阶段第二轮', '第三阶段第四轮', '第二阶段第一轮', '第二阶段第三轮', '第二阶段第二轮', '第二阶段第四轮', '预选赛第一轮', '预选赛第二轮']
清理后的投票轮次：['淘汰赛第一轮', '淘汰赛第三轮', '淘汰赛第二轮', '淘汰赛第四轮', '第一阶段第一轮', '第一阶段第三轮', '第一阶段第二轮', '第一阶段第四轮', '第三阶段第一轮', '第三阶段第三轮', '第三阶段第二轮', '第三阶段第四轮', '第二阶段第一轮', '第二阶段第三轮', '第二阶段第二轮', '第二阶段第四轮', '预选赛第一轮', '预选赛第二轮']

2025-02-18 18:02:30,134 - src.logger - ERROR - 获取累计投票数据时发生错误：400: 
没有有效的投票轮次。
排除的列：['预选赛第一轮', '预选赛第二轮', '第一阶段第一轮', '第一阶段第二轮', '第一阶段第三轮', '第一阶段第四轮', '第二阶段第一轮', '第二阶段第二轮', '第二阶段第三轮', '第二阶段第四轮', '第三阶段第一轮', '第三阶段第二轮', '第三阶段第三轮', '第三阶段第四轮', '淘汰赛第一轮', '淘汰赛第二轮', '淘汰赛第三轮', '淘汰赛第四轮']
总投票轮次：['淘汰赛第一轮', '淘汰赛第三轮', '淘汰赛第二轮', '淘汰赛第四轮', '第一阶段第一轮', '第一阶段第三轮', '第一阶段第二轮', '第一阶段第四轮', '第三阶段第一轮', '第三阶段第三轮', '第三阶段第二轮', '第三阶段第四轮', '第二阶段第一轮', '第二阶段第三轮', '第二阶段第二轮', '第二阶段第四轮', '预选赛第一轮', '预选赛第二轮']
清理后的投票轮次：['淘汰赛第一轮', '淘汰赛第三轮', '淘汰赛第二轮', '淘汰赛第四轮', '第一阶段第一轮', '第一阶段第三轮', '第一阶段第二轮', '第一阶段第四轮', '第三阶段第一轮', '第三阶段第三轮', '第三阶段第二轮', '第三阶段第四轮', '第二阶段第一轮', '第二阶段第三轮', '第二阶段第二轮', '第二阶段第四轮', '预选赛第一轮', '预选赛第二轮']
Traceback (most recent call last):
  File "f:\animative-viz\backend\src\main.py", line 190, in get_cumulative_votes
    cumulative_votes = global_state.vote_tracker.calculate_cumulative_votes(excluded_columns)
                       ^^^^^^^^^^^^^^^^^^^^^^^^^^^^^^^^^^^^^^^^^^^^^^^^^^^^^^^^^^^^^^^^^^^^^^
  File "f:\animative-viz\backend\src\vote_tracker.py", line 54, in calculate_cumulative_votes
    raise ValueError(f"""
ValueError: 
没有有效的投票轮次。
排除的列：['预选赛第一轮', '预选赛第二轮', '第一阶段第一轮', '第一阶段第二轮', '第一阶段第三轮', '第一阶段第四轮', '第二阶段第一轮', '第二阶段第二轮', '第二阶段第三轮', '第二阶段第四轮', '第三阶段第一轮', '第三阶段第二轮', '第三阶段第三轮', '第三阶段第四轮', '淘汰赛第一轮', '淘汰赛第二轮', '淘汰赛第三轮', '淘汰赛第四轮']
总投票轮次：['淘汰赛第一轮', '淘汰赛第三轮', '淘汰赛第二轮', '淘汰赛第四轮', '第一阶段第一轮', '第一阶段第三轮', '第一阶段第二轮', '第一阶段第四轮', '第三阶段第一轮', '第三阶段第三轮', '第三阶段第二轮', '第三阶段第四轮', '第二阶段第一轮', '第二阶段第三轮', '第二阶段第二轮', '第二阶段第四轮', '预选赛第一轮', '预选赛第二轮']
清理后的投票轮次：['淘汰赛第一轮', '淘汰赛第三轮', '淘汰赛第二轮', '淘汰赛第四轮', '第一阶段第一轮', '第一阶段第三轮', '第一阶段第二轮', '第一阶段第四轮', '第三阶段第一轮', '第三阶段第三轮', '第三阶段第二轮', '第三阶段第四轮', '第二阶段第一轮', '第二阶段第三轮', '第二阶段第二轮', '第二阶段第四轮', '预选赛第一轮', '预选赛第二轮']


During handling of the above exception, another exception occurred:

Traceback (most recent call last):
  File "f:\animative-viz\backend\src\main.py", line 193, in get_cumulative_votes
    raise HTTPException(status_code=400, detail=str(ve))
fastapi.exceptions.HTTPException: 400: 
没有有效的投票轮次。
排除的列：['预选赛第一轮', '预选赛第二轮', '第一阶段第一轮', '第一阶段第二轮', '第一阶段第三轮', '第一阶段第四轮', '第二阶段第一轮', '第二阶段第二轮', '第二阶段第三轮', '第二阶段第四轮', '第三阶段第一轮', '第三阶段第二轮', '第三阶段第三轮', '第三阶段第四轮', '淘汰赛第一轮', '淘汰赛第二轮', '淘汰赛第三轮', '淘汰赛第四轮']
总投票轮次：['淘汰赛第一轮', '淘汰赛第三轮', '淘汰赛第二轮', '淘汰赛第四轮', '第一阶段第一轮', '第一阶段第三轮', '第一阶段第二轮', '第一阶段第四轮', '第三阶段第一轮', '第三阶段第三轮', '第三阶段第二轮', '第三阶段第四轮', '第二阶段第一轮', '第二阶段第三轮', '第二阶段第二轮', '第二阶段第四轮', '预选赛第一轮', '预选赛第二轮']
清理后的投票轮次：['淘汰赛第一轮', '淘汰赛第三轮', '淘汰赛第二轮', '淘汰赛第四轮', '第一阶段第一轮', '第一阶段第三轮', '第一阶段第二轮', '第一阶段第四轮', '第三阶段第一轮', '第三阶段第三轮', '第三阶段第二轮', '第三阶段第四轮', '第二阶段第一轮', '第二阶段第三轮', '第二阶段第二轮', '第二阶段第四轮', '预选赛第一轮', '预选赛第二轮']

2025-02-18 18:04:20,140 - src.logger - INFO - 状态已清除
2025-02-18 18:04:20,141 - src.logger - INFO - 临时文件已保存：C:\Users\Administrator\AppData\Local\Temp\tmp86_cnwo3.csv
2025-02-18 18:04:20,142 - src.logger - INFO - 状态已保存到 C:\Users\Administrator\AppData\Local\Temp\animative_viz_state.pkl
2025-02-18 18:04:20,142 - src.logger - INFO - 临时文件已删除
2025-02-18 18:04:20,147 - src.logger - INFO - 获取投票轮次列名
2025-02-18 18:04:21,222 - src.logger - INFO - 成功加载持久化状态
2025-02-18 18:04:21,260 - src.logger - INFO - 获取累计得票数据，排除列：['预选赛第一轮', '预选赛第二轮', '第一阶段第一轮', '第一阶段第二轮', '第一阶段第三轮', '第一阶段第四轮', '第二阶段第一轮', '第二阶段第二轮', '第二阶段第三轮', '第二阶段第四轮', '第三阶段第一轮', '第三阶段第二轮', '第三阶段第三轮', '第三阶段第四轮', '淘汰赛第一轮', '淘汰赛第二轮', '淘汰赛第三轮', '淘汰赛第四轮']
2025-02-18 18:04:21,260 - src.logger - ERROR - 计算累积投票时发生错误：
没有有效的投票轮次。
排除的列：['预选赛第一轮', '预选赛第二轮', '第一阶段第一轮', '第一阶段第二轮', '第一阶段第三轮', '第一阶段第四轮', '第二阶段第一轮', '第二阶段第二轮', '第二阶段第三轮', '第二阶段第四轮', '第三阶段第一轮', '第三阶段第二轮', '第三阶段第三轮', '第三阶段第四轮', '淘汰赛第一轮', '淘汰赛第二轮', '淘汰赛第三轮', '淘汰赛第四轮']
总投票轮次：['淘汰赛第一轮', '淘汰赛第三轮', '淘汰赛第二轮', '淘汰赛第四轮', '第一阶段第一轮', '第一阶段第三轮', '第一阶段第二轮', '第一阶段第四轮', '第三阶段第一轮', '第三阶段第三轮', '第三阶段第二轮', '第三阶段第四轮', '第二阶段第一轮', '第二阶段第三轮', '第二阶段第二轮', '第二阶段第四轮', '预选赛第一轮', '预选赛第二轮']
清理后的投票轮次：[]

2025-02-18 18:04:21,260 - src.logger - ERROR - 获取累计投票数据时发生错误：400: 
没有有效的投票轮次。
排除的列：['预选赛第一轮', '预选赛第二轮', '第一阶段第一轮', '第一阶段第二轮', '第一阶段第三轮', '第一阶段第四轮', '第二阶段第一轮', '第二阶段第二轮', '第二阶段第三轮', '第二阶段第四轮', '第三阶段第一轮', '第三阶段第二轮', '第三阶段第三轮', '第三阶段第四轮', '淘汰赛第一轮', '淘汰赛第二轮', '淘汰赛第三轮', '淘汰赛第四轮']
总投票轮次：['淘汰赛第一轮', '淘汰赛第三轮', '淘汰赛第二轮', '淘汰赛第四轮', '第一阶段第一轮', '第一阶段第三轮', '第一阶段第二轮', '第一阶段第四轮', '第三阶段第一轮', '第三阶段第三轮', '第三阶段第二轮', '第三阶段第四轮', '第二阶段第一轮', '第二阶段第三轮', '第二阶段第二轮', '第二阶段第四轮', '预选赛第一轮', '预选赛第二轮']
清理后的投票轮次：[]
Traceback (most recent call last):
  File "f:\animative-viz\backend\src\main.py", line 194, in get_cumulative_votes
    cumulative_votes = global_state.vote_tracker.calculate_cumulative_votes(excluded_columns)
                       ^^^^^^^^^^^^^^^^^^^^^^^^^^^^^^^^^^^^^^^^^^^^^^^^^^^^^^^^^^^^^^^^^^^^^^
  File "f:\animative-viz\backend\src\vote_tracker.py", line 54, in calculate_cumulative_votes
    raise ValueError(f"""
ValueError: 
没有有效的投票轮次。
排除的列：['预选赛第一轮', '预选赛第二轮', '第一阶段第一轮', '第一阶段第二轮', '第一阶段第三轮', '第一阶段第四轮', '第二阶段第一轮', '第二阶段第二轮', '第二阶段第三轮', '第二阶段第四轮', '第三阶段第一轮', '第三阶段第二轮', '第三阶段第三轮', '第三阶段第四轮', '淘汰赛第一轮', '淘汰赛第二轮', '淘汰赛第三轮', '淘汰赛第四轮']
总投票轮次：['淘汰赛第一轮', '淘汰赛第三轮', '淘汰赛第二轮', '淘汰赛第四轮', '第一阶段第一轮', '第一阶段第三轮', '第一阶段第二轮', '第一阶段第四轮', '第三阶段第一轮', '第三阶段第三轮', '第三阶段第二轮', '第三阶段第四轮', '第二阶段第一轮', '第二阶段第三轮', '第二阶段第二轮', '第二阶段第四轮', '预选赛第一轮', '预选赛第二轮']
清理后的投票轮次：[]


During handling of the above exception, another exception occurred:

Traceback (most recent call last):
  File "f:\animative-viz\backend\src\main.py", line 197, in get_cumulative_votes
    raise HTTPException(status_code=400, detail=str(ve))
fastapi.exceptions.HTTPException: 400: 
没有有效的投票轮次。
排除的列：['预选赛第一轮', '预选赛第二轮', '第一阶段第一轮', '第一阶段第二轮', '第一阶段第三轮', '第一阶段第四轮', '第二阶段第一轮', '第二阶段第二轮', '第二阶段第三轮', '第二阶段第四轮', '第三阶段第一轮', '第三阶段第二轮', '第三阶段第三轮', '第三阶段第四轮', '淘汰赛第一轮', '淘汰赛第二轮', '淘汰赛第三轮', '淘汰赛第四轮']
总投票轮次：['淘汰赛第一轮', '淘汰赛第三轮', '淘汰赛第二轮', '淘汰赛第四轮', '第一阶段第一轮', '第一阶段第三轮', '第一阶段第二轮', '第一阶段第四轮', '第三阶段第一轮', '第三阶段第三轮', '第三阶段第二轮', '第三阶段第四轮', '第二阶段第一轮', '第二阶段第三轮', '第二阶段第二轮', '第二阶段第四轮', '预选赛第一轮', '预选赛第二轮']
清理后的投票轮次：[]

2025-02-18 18:06:23,071 - src.logger - INFO - 状态已清除
2025-02-18 18:06:23,072 - src.logger - INFO - 临时文件已保存：C:\Users\Administrator\AppData\Local\Temp\tmpmhba4glh.csv
2025-02-18 18:06:23,075 - src.logger - INFO - 状态已保存到 C:\Users\Administrator\AppData\Local\Temp\animative_viz_state.pkl
2025-02-18 18:06:23,075 - src.logger - INFO - 临时文件已删除
2025-02-18 18:06:23,082 - src.logger - INFO - 获取投票轮次列名
2025-02-18 18:06:24,087 - src.logger - INFO - 成功加载持久化状态
2025-02-18 18:06:24,158 - src.logger - INFO - 获取累计得票数据，排除列：['预选赛第一轮', '预选赛第二轮', '第一阶段第一轮', '第一阶段第二轮', '第一阶段第三轮', '第一阶段第四轮', '第二阶段第一轮', '第二阶段第二轮', '第二阶段第三轮', '第二阶段第四轮', '第三阶段第一轮', '第三阶段第二轮', '第三阶段第三轮', '第三阶段第四轮', '淘汰赛第一轮', '淘汰赛第二轮', '淘汰赛第三轮', '淘汰赛第四轮']
2025-02-18 18:06:24,158 - src.logger - ERROR - 计算累积投票时发生错误：
没有有效的投票轮次。
排除的列：['预选赛第一轮', '预选赛第二轮', '第一阶段第一轮', '第一阶段第二轮', '第一阶段第三轮', '第一阶段第四轮', '第二阶段第一轮', '第二阶段第二轮', '第二阶段第三轮', '第二阶段第四轮', '第三阶段第一轮', '第三阶段第二轮', '第三阶段第三轮', '第三阶段第四轮', '淘汰赛第一轮', '淘汰赛第二轮', '淘汰赛第三轮', '淘汰赛第四轮']
总投票轮次：['淘汰赛第一轮', '淘汰赛第三轮', '淘汰赛第二轮', '淘汰赛第四轮', '第一阶段第一轮', '第一阶段第三轮', '第一阶段第二轮', '第一阶段第四轮', '第三阶段第一轮', '第三阶段第三轮', '第三阶段第二轮', '第三阶段第四轮', '第二阶段第一轮', '第二阶段第三轮', '第二阶段第二轮', '第二阶段第四轮', '预选赛第一轮', '预选赛第二轮']
清理后的投票轮次：[]

2025-02-18 18:06:24,158 - src.logger - ERROR - 获取累计投票数据时发生错误：400: 
没有有效的投票轮次。
排除的列：['预选赛第一轮', '预选赛第二轮', '第一阶段第一轮', '第一阶段第二轮', '第一阶段第三轮', '第一阶段第四轮', '第二阶段第一轮', '第二阶段第二轮', '第二阶段第三轮', '第二阶段第四轮', '第三阶段第一轮', '第三阶段第二轮', '第三阶段第三轮', '第三阶段第四轮', '淘汰赛第一轮', '淘汰赛第二轮', '淘汰赛第三轮', '淘汰赛第四轮']
总投票轮次：['淘汰赛第一轮', '淘汰赛第三轮', '淘汰赛第二轮', '淘汰赛第四轮', '第一阶段第一轮', '第一阶段第三轮', '第一阶段第二轮', '第一阶段第四轮', '第三阶段第一轮', '第三阶段第三轮', '第三阶段第二轮', '第三阶段第四轮', '第二阶段第一轮', '第二阶段第三轮', '第二阶段第二轮', '第二阶段第四轮', '预选赛第一轮', '预选赛第二轮']
清理后的投票轮次：[]
Traceback (most recent call last):
  File "f:\animative-viz\backend\src\main.py", line 197, in get_cumulative_votes
    cumulative_votes = global_state.vote_tracker.calculate_cumulative_votes(excluded_columns)
                       ^^^^^^^^^^^^^^^^^^^^^^^^^^^^^^^^^^^^^^^^^^^^^^^^^^^^^^^^^^^^^^^^^^^^^^
  File "f:\animative-viz\backend\src\vote_tracker.py", line 59, in calculate_cumulative_votes
    raise ValueError(f"""
ValueError: 
没有有效的投票轮次。
排除的列：['预选赛第一轮', '预选赛第二轮', '第一阶段第一轮', '第一阶段第二轮', '第一阶段第三轮', '第一阶段第四轮', '第二阶段第一轮', '第二阶段第二轮', '第二阶段第三轮', '第二阶段第四轮', '第三阶段第一轮', '第三阶段第二轮', '第三阶段第三轮', '第三阶段第四轮', '淘汰赛第一轮', '淘汰赛第二轮', '淘汰赛第三轮', '淘汰赛第四轮']
总投票轮次：['淘汰赛第一轮', '淘汰赛第三轮', '淘汰赛第二轮', '淘汰赛第四轮', '第一阶段第一轮', '第一阶段第三轮', '第一阶段第二轮', '第一阶段第四轮', '第三阶段第一轮', '第三阶段第三轮', '第三阶段第二轮', '第三阶段第四轮', '第二阶段第一轮', '第二阶段第三轮', '第二阶段第二轮', '第二阶段第四轮', '预选赛第一轮', '预选赛第二轮']
清理后的投票轮次：[]


During handling of the above exception, another exception occurred:

Traceback (most recent call last):
  File "f:\animative-viz\backend\src\main.py", line 200, in get_cumulative_votes
    raise HTTPException(status_code=400, detail=str(ve))
fastapi.exceptions.HTTPException: 400: 
没有有效的投票轮次。
排除的列：['预选赛第一轮', '预选赛第二轮', '第一阶段第一轮', '第一阶段第二轮', '第一阶段第三轮', '第一阶段第四轮', '第二阶段第一轮', '第二阶段第二轮', '第二阶段第三轮', '第二阶段第四轮', '第三阶段第一轮', '第三阶段第二轮', '第三阶段第三轮', '第三阶段第四轮', '淘汰赛第一轮', '淘汰赛第二轮', '淘汰赛第三轮', '淘汰赛第四轮']
总投票轮次：['淘汰赛第一轮', '淘汰赛第三轮', '淘汰赛第二轮', '淘汰赛第四轮', '第一阶段第一轮', '第一阶段第三轮', '第一阶段第二轮', '第一阶段第四轮', '第三阶段第一轮', '第三阶段第三轮', '第三阶段第二轮', '第三阶段第四轮', '第二阶段第一轮', '第二阶段第三轮', '第二阶段第二轮', '第二阶段第四轮', '预选赛第一轮', '预选赛第二轮']
清理后的投票轮次：[]

2025-02-18 18:11:16,047 - src.logger - INFO - 状态已清除
2025-02-18 18:11:16,048 - src.logger - INFO - 临时文件已保存：C:\Users\Administrator\AppData\Local\Temp\tmptw3_htn7.csv
2025-02-18 18:11:16,052 - src.logger - INFO - 状态已保存到 C:\Users\Administrator\AppData\Local\Temp\animative_viz_state.pkl
2025-02-18 18:11:16,053 - src.logger - INFO - 临时文件已删除
2025-02-18 18:11:16,058 - src.logger - INFO - 获取投票轮次列名
2025-02-18 18:11:17,169 - src.logger - INFO - 成功加载持久化状态
2025-02-18 18:11:17,265 - src.logger - INFO - 接收到的原始列表: ['预选赛第一轮', '预选赛第二轮', '第一阶段第一轮', '第一阶段第二轮', '第一阶段第三轮', '第一阶段第四轮', '第二阶段第一轮', '第二阶段第二轮', '第二阶段第三轮', '第二阶段第四轮', '第三阶段第一轮', '第三阶段第二轮', '第三阶段第三轮', '第三阶段第四轮', '淘汰赛第一轮', '淘汰赛第二轮', '淘汰赛第三轮', '淘汰赛第四轮']
2025-02-18 18:11:17,265 - src.logger - INFO - 列表类型: <class 'list'>
2025-02-18 18:11:17,265 - src.logger - INFO - 列表长度: 18
2025-02-18 18:11:17,265 - src.logger - INFO - 清理后的列表: ['预选赛第一轮', '预选赛第二轮', '第一阶段第一轮', '第一阶段第二轮', '第一阶段第三轮', '第一阶段第四轮', '第二阶段第一轮', '第二阶段第二轮', '第二阶段第三轮', '第二阶段第四轮', '第三阶段第一轮', '第三阶段第二轮', '第三阶段第三轮', '第三阶段第四轮', '淘汰赛第一轮', '淘汰赛第二轮', '淘汰赛第三轮', '淘汰赛第四轮']
2025-02-18 18:11:17,265 - src.logger - INFO - 获取累计得票数据，排除列：['预选赛第一轮', '预选赛第二轮', '第一阶段第一轮', '第一阶段第二轮', '第一阶段第三轮', '第一阶段第四轮', '第二阶段第一轮', '第二阶段第二轮', '第二阶段第三轮', '第二阶段第四轮', '第三阶段第一轮', '第三阶段第二轮', '第三阶段第三轮', '第三阶段第四轮', '淘汰赛第一轮', '淘汰赛第二轮', '淘汰赛第三轮', '淘汰赛第四轮']
2025-02-18 18:11:17,265 - src.logger - ERROR - 计算累积投票时发生错误：
没有有效的投票轮次。
排除的列：['预选赛第一轮', '预选赛第二轮', '第一阶段第一轮', '第一阶段第二轮', '第一阶段第三轮', '第一阶段第四轮', '第二阶段第一轮', '第二阶段第二轮', '第二阶段第三轮', '第二阶段第四轮', '第三阶段第一轮', '第三阶段第二轮', '第三阶段第三轮', '第三阶段第四轮', '淘汰赛第一轮', '淘汰赛第二轮', '淘汰赛第三轮', '淘汰赛第四轮']
总投票轮次：['淘汰赛第一轮', '淘汰赛第三轮', '淘汰赛第二轮', '淘汰赛第四轮', '第一阶段第一轮', '第一阶段第三轮', '第一阶段第二轮', '第一阶段第四轮', '第三阶段第一轮', '第三阶段第三轮', '第三阶段第二轮', '第三阶段第四轮', '第二阶段第一轮', '第二阶段第三轮', '第二阶段第二轮', '第二阶段第四轮', '预选赛第一轮', '预选赛第二轮']
清理后的投票轮次：[]

2025-02-18 18:11:17,266 - src.logger - ERROR - 获取累计投票数据时发生错误：400: 
没有有效的投票轮次。
排除的列：['预选赛第一轮', '预选赛第二轮', '第一阶段第一轮', '第一阶段第二轮', '第一阶段第三轮', '第一阶段第四轮', '第二阶段第一轮', '第二阶段第二轮', '第二阶段第三轮', '第二阶段第四轮', '第三阶段第一轮', '第三阶段第二轮', '第三阶段第三轮', '第三阶段第四轮', '淘汰赛第一轮', '淘汰赛第二轮', '淘汰赛第三轮', '淘汰赛第四轮']
总投票轮次：['淘汰赛第一轮', '淘汰赛第三轮', '淘汰赛第二轮', '淘汰赛第四轮', '第一阶段第一轮', '第一阶段第三轮', '第一阶段第二轮', '第一阶段第四轮', '第三阶段第一轮', '第三阶段第三轮', '第三阶段第二轮', '第三阶段第四轮', '第二阶段第一轮', '第二阶段第三轮', '第二阶段第二轮', '第二阶段第四轮', '预选赛第一轮', '预选赛第二轮']
清理后的投票轮次：[]
Traceback (most recent call last):
  File "f:\animative-viz\backend\src\main.py", line 203, in get_cumulative_votes
    cumulative_votes = global_state.vote_tracker.calculate_cumulative_votes(excluded_columns)
                       ^^^^^^^^^^^^^^^^^^^^^^^^^^^^^^^^^^^^^^^^^^^^^^^^^^^^^^^^^^^^^^^^^^^^^^
  File "f:\animative-viz\backend\src\vote_tracker.py", line 59, in calculate_cumulative_votes
    raise ValueError(f"""
ValueError: 
没有有效的投票轮次。
排除的列：['预选赛第一轮', '预选赛第二轮', '第一阶段第一轮', '第一阶段第二轮', '第一阶段第三轮', '第一阶段第四轮', '第二阶段第一轮', '第二阶段第二轮', '第二阶段第三轮', '第二阶段第四轮', '第三阶段第一轮', '第三阶段第二轮', '第三阶段第三轮', '第三阶段第四轮', '淘汰赛第一轮', '淘汰赛第二轮', '淘汰赛第三轮', '淘汰赛第四轮']
总投票轮次：['淘汰赛第一轮', '淘汰赛第三轮', '淘汰赛第二轮', '淘汰赛第四轮', '第一阶段第一轮', '第一阶段第三轮', '第一阶段第二轮', '第一阶段第四轮', '第三阶段第一轮', '第三阶段第三轮', '第三阶段第二轮', '第三阶段第四轮', '第二阶段第一轮', '第二阶段第三轮', '第二阶段第二轮', '第二阶段第四轮', '预选赛第一轮', '预选赛第二轮']
清理后的投票轮次：[]


During handling of the above exception, another exception occurred:

Traceback (most recent call last):
  File "f:\animative-viz\backend\src\main.py", line 206, in get_cumulative_votes
    raise HTTPException(status_code=400, detail=str(ve))
fastapi.exceptions.HTTPException: 400: 
没有有效的投票轮次。
排除的列：['预选赛第一轮', '预选赛第二轮', '第一阶段第一轮', '第一阶段第二轮', '第一阶段第三轮', '第一阶段第四轮', '第二阶段第一轮', '第二阶段第二轮', '第二阶段第三轮', '第二阶段第四轮', '第三阶段第一轮', '第三阶段第二轮', '第三阶段第三轮', '第三阶段第四轮', '淘汰赛第一轮', '淘汰赛第二轮', '淘汰赛第三轮', '淘汰赛第四轮']
总投票轮次：['淘汰赛第一轮', '淘汰赛第三轮', '淘汰赛第二轮', '淘汰赛第四轮', '第一阶段第一轮', '第一阶段第三轮', '第一阶段第二轮', '第一阶段第四轮', '第三阶段第一轮', '第三阶段第三轮', '第三阶段第二轮', '第三阶段第四轮', '第二阶段第一轮', '第二阶段第三轮', '第二阶段第二轮', '第二阶段第四轮', '预选赛第一轮', '预选赛第二轮']
清理后的投票轮次：[]

2025-02-18 18:12:39,349 - src.logger - INFO - 状态已清除
2025-02-18 18:12:39,349 - src.logger - INFO - 临时文件已保存：C:\Users\Administrator\AppData\Local\Temp\tmp3xic8ydp.csv
2025-02-18 18:12:39,351 - src.logger - INFO - 状态已保存到 C:\Users\Administrator\AppData\Local\Temp\animative_viz_state.pkl
2025-02-18 18:12:39,352 - src.logger - INFO - 临时文件已删除
2025-02-18 18:12:39,355 - src.logger - INFO - 获取投票轮次列名
2025-02-18 18:13:43,037 - src.logger - INFO - 接收到的原始列表: []
2025-02-18 18:13:43,037 - src.logger - INFO - 列表类型: <class 'list'>
2025-02-18 18:13:43,037 - src.logger - INFO - 列表长度: 0
2025-02-18 18:13:43,037 - src.logger - INFO - 传入空列表，不排除任何列
2025-02-18 18:13:43,037 - src.logger - INFO - 获取累计得票数据，排除列：None
2025-02-18 18:13:43,062 - src.logger - INFO - 累计投票数据统计：总角色数 72
2025-02-18 18:16:17,389 - src.logger - INFO - 成功加载持久化状态
2025-02-18 18:17:21,672 - src.logger - INFO - 状态已清除
2025-02-18 18:17:21,673 - src.logger - INFO - 临时文件已保存：C:\Users\Administrator\AppData\Local\Temp\tmpdz737p08.csv
2025-02-18 18:17:21,676 - src.logger - INFO - 状态已保存到 C:\Users\Administrator\AppData\Local\Temp\animative_viz_state.pkl
2025-02-18 18:17:21,676 - src.logger - INFO - 临时文件已删除
2025-02-18 18:17:22,572 - src.logger - INFO - 成功加载持久化状态
2025-02-18 18:17:22,603 - src.logger - INFO - 获取投票轮次列名
2025-02-18 18:17:23,828 - src.logger - INFO - 传入空列表，不排除任何列
2025-02-18 18:17:23,828 - src.logger - INFO - 获取累计得票数据，排除列：None
2025-02-18 18:17:23,853 - src.logger - INFO - 累计投票数据统计：总角色数 72
2025-02-18 18:17:23,853 - src.logger - ERROR - 获取累计投票数据时发生错误：JSONResponse.__init__() got an unexpected keyword argument 'json_encoder'
Traceback (most recent call last):
  File "f:\animative-viz\backend\src\main.py", line 196, in get_cumulative_votes
    return JSONResponse(
           ^^^^^^^^^^^^^
TypeError: JSONResponse.__init__() got an unexpected keyword argument 'json_encoder'
2025-02-18 18:20:02,590 - src.logger - INFO - 状态已清除
2025-02-18 18:20:02,591 - src.logger - INFO - 临时文件已保存：C:\Users\Administrator\AppData\Local\Temp\tmpzjstsce5.csv
2025-02-18 18:20:02,593 - src.logger - INFO - 状态已保存到 C:\Users\Administrator\AppData\Local\Temp\animative_viz_state.pkl
2025-02-18 18:20:02,593 - src.logger - INFO - 临时文件已删除
2025-02-18 18:20:02,598 - src.logger - INFO - 获取投票轮次列名
2025-02-18 18:20:03,625 - src.logger - INFO - 成功加载持久化状态
2025-02-18 18:20:03,809 - src.logger - INFO - 传入空列表，不排除任何列
2025-02-18 18:20:03,809 - src.logger - INFO - 获取累计得票数据，排除列：None
2025-02-18 18:20:03,834 - src.logger - INFO - 累计投票数据统计：总角色数 72
2025-02-18 18:20:03,835 - src.logger - ERROR - 获取累计投票数据时发生错误：JSONResponse.__init__() got an unexpected keyword argument 'json_encoder'
Traceback (most recent call last):
  File "f:\animative-viz\backend\src\main.py", line 193, in get_cumulative_votes
    return JSONResponse(
           ^^^^^^^^^^^^^
TypeError: JSONResponse.__init__() got an unexpected keyword argument 'json_encoder'
2025-02-18 18:21:01,677 - src.logger - INFO - 状态已清除
2025-02-18 18:21:01,678 - src.logger - INFO - 临时文件已保存：C:\Users\Administrator\AppData\Local\Temp\tmpfd5aaryc.csv
2025-02-18 18:21:01,682 - src.logger - INFO - 状态已保存到 C:\Users\Administrator\AppData\Local\Temp\animative_viz_state.pkl
2025-02-18 18:21:01,682 - src.logger - INFO - 临时文件已删除
2025-02-18 18:21:01,690 - src.logger - INFO - 获取投票轮次列名
2025-02-18 18:21:02,773 - src.logger - INFO - 成功加载持久化状态
2025-02-18 18:21:02,808 - src.logger - INFO - 传入空列表，不排除任何列
2025-02-18 18:21:02,808 - src.logger - INFO - 获取累计得票数据，排除列：None
2025-02-18 18:21:02,830 - src.logger - INFO - 累计投票数据统计：总角色数 72
2025-02-18 18:26:03,019 - src.logger - INFO - 成功加载持久化状态
2025-02-18 18:26:20,833 - src.logger - INFO - 状态已清除
2025-02-18 18:26:20,834 - src.logger - INFO - 临时文件已保存：C:\Users\Administrator\AppData\Local\Temp\tmpuk5jykps.csv
2025-02-18 18:26:20,837 - src.logger - INFO - 状态已保存到 C:\Users\Administrator\AppData\Local\Temp\animative_viz_state.pkl
2025-02-18 18:26:20,837 - src.logger - INFO - 临时文件已删除
2025-02-18 18:26:20,850 - src.logger - INFO - 获取投票轮次列名
2025-02-18 18:26:22,100 - src.logger - INFO - 传入空列表，不排除任何列
2025-02-18 18:26:22,100 - src.logger - INFO - 获取累计得票数据，排除列：None
2025-02-18 18:26:22,147 - src.logger - INFO - 累计投票数据统计：总角色数 72
2025-02-18 18:30:06,601 - src.logger - INFO - 状态已清除
2025-02-18 18:30:06,602 - src.logger - INFO - 临时文件已保存：C:\Users\Administrator\AppData\Local\Temp\tmppvwyr6qe.csv
2025-02-18 18:30:06,605 - src.logger - INFO - 状态已保存到 C:\Users\Administrator\AppData\Local\Temp\animative_viz_state.pkl
2025-02-18 18:30:06,605 - src.logger - INFO - 临时文件已删除
2025-02-18 18:30:06,608 - src.logger - INFO - 获取投票轮次列名
2025-02-18 18:30:07,531 - src.logger - INFO - 成功加载持久化状态
2025-02-18 18:30:08,806 - src.logger - INFO - 传入空列表，不排除任何列
2025-02-18 18:30:08,806 - src.logger - INFO - 获取累计得票数据，排除列：None
2025-02-18 18:30:08,843 - src.logger - INFO - 累计投票数据统计：总角色数 72
2025-02-18 18:35:07,969 - src.logger - INFO - 成功加载持久化状态
2025-02-18 18:41:17,489 - src.logger - INFO - 状态已清除
2025-02-18 18:41:17,491 - src.logger - INFO - 临时文件已保存：C:\Users\Administrator\AppData\Local\Temp\tmpcocsyrvj.csv
2025-02-18 18:41:17,495 - src.logger - INFO - 状态已保存到 C:\Users\Administrator\AppData\Local\Temp\animative_viz_state.pkl
2025-02-18 18:41:17,495 - src.logger - INFO - 临时文件已删除
2025-02-18 18:41:17,505 - src.logger - INFO - 获取投票轮次列名
2025-02-18 18:41:19,023 - src.logger - INFO - 成功加载持久化状态
2025-02-18 18:41:22,158 - src.logger - INFO - 传入空列表，不排除任何列
2025-02-18 18:41:22,158 - src.logger - INFO - 获取累计得票数据，排除列：None
2025-02-18 18:41:22,197 - src.logger - INFO - 累计投票数据统计：总角色数 72
2025-02-18 18:42:13,270 - src.logger - INFO - 状态已清除
2025-02-18 18:42:13,271 - src.logger - INFO - 临时文件已保存：C:\Users\Administrator\AppData\Local\Temp\tmp7571hhbt.csv
2025-02-18 18:42:13,273 - src.logger - INFO - 状态已保存到 C:\Users\Administrator\AppData\Local\Temp\animative_viz_state.pkl
2025-02-18 18:42:13,273 - src.logger - INFO - 临时文件已删除
2025-02-18 18:42:14,054 - src.logger - INFO - 成功加载持久化状态
2025-02-18 18:42:14,079 - src.logger - INFO - 获取投票轮次列名
2025-02-18 18:42:15,525 - src.logger - INFO - 传入空列表，不排除任何列
2025-02-18 18:42:15,525 - src.logger - INFO - 获取累计得票数据，排除列：None
2025-02-18 18:42:15,552 - src.logger - INFO - 累计投票数据统计：总角色数 72
2025-02-18 18:44:09,466 - src.logger - INFO - 状态已清除
2025-02-18 18:44:09,468 - src.logger - INFO - 临时文件已保存：C:\Users\Administrator\AppData\Local\Temp\tmpu8kgo9c5.csv
2025-02-18 18:44:09,470 - src.logger - INFO - 状态已保存到 C:\Users\Administrator\AppData\Local\Temp\animative_viz_state.pkl
2025-02-18 18:44:09,470 - src.logger - INFO - 临时文件已删除
2025-02-18 18:44:09,476 - src.logger - INFO - 获取投票轮次列名
